// Jest Snapshot v1, https://goo.gl/fbAQLP

exports[`Description snapshot renders description unchanged 1`] = `
<div>
  <div
    class="nextui-c-kRHeuF nextui-c-kRHeuF-iiTFIOC-css nextui-grid-item nextui-grid-container"
  >
    <div
      class="nextui-c-kRHeuF nextui-c-kRHeuF-ihilJEH-css nextui-grid-item xs sm"
    >
      <div
        class="nextui-c-iVzbCs nextui-c-iVzbCs-bDGmTT-ready-true nextui-c-iVzbCs-ijihZmw-css nextui-image-container nextui-image--loading img-rounded"
        data-state="loading"
      >
        <div
          class="nextui-c-FIiRH nextui-c-FIiRH-ibDGmTT-css nextui-image-skeleton"
        />
        <img
          alt="photo"
          class="nextui-c-kbhVdb nextui-c-kbhVdb-ieCSSFU-css nextui-image"
          data-state="loading"
          height="270"
          src="/images/retrato.jpg"
          width="270"
        />
      </div>
    </div>
    <div
      class="nextui-c-kRHeuF nextui-c-kRHeuF-ikAnBsd-css nextui-grid-item xs sm"
    >
      <div
        class="nextui-c-kRHeuF nextui-c-kRHeuF-ijDEIix-css nextui-grid-item nextui-grid-container"
      >
        <div
          class="nextui-c-kRHeuF nextui-c-kRHeuF-ifGJxpT-css nextui-grid-item xs sm name"
        >
          <h2
            class="nextui-c-PJLV nextui-c-PJLV-ihqePJX-css font-raleway"
          >
            Freilin Manzano
          </h2>
        </div>
        <div
          class="nextui-c-kRHeuF nextui-c-kRHeuF-ihilJEH-css nextui-grid-item xs sm rrss"
          role="rrss"
        >
          <a
            class="nextui-c-dIWzTP nextui-c-PJLV nextui-c-dIWzTP-hfnKRU-color-default nextui-c-dIWzTP-isWIbj-animated-true nextui-c-PJLV-gulvcB-isFocusVisible-false nextui-c-dIWzTP-icTVmtU-css nextui-link"
            href="https://www.linkedin.com/in/freilind/"
            target="_blank"
          >
            <i
              class="bx bx-md bxl-linkedin-square"
            />
          </a>
          <a
            class="nextui-c-dIWzTP nextui-c-PJLV nextui-c-dIWzTP-hfnKRU-color-default nextui-c-dIWzTP-isWIbj-animated-true nextui-c-PJLV-gulvcB-isFocusVisible-false nextui-c-dIWzTP-icTVmtU-css nextui-link"
            href="https://www.instagram.com/ftojoh/"
            target="_blank"
          >
            <i
              class="bx bx-md bxl-instagram"
            />
          </a>
          <a
            class="nextui-c-dIWzTP nextui-c-PJLV nextui-c-dIWzTP-hfnKRU-color-default nextui-c-dIWzTP-isWIbj-animated-true nextui-c-PJLV-gulvcB-isFocusVisible-false nextui-c-dIWzTP-icTVmtU-css nextui-link"
            href="https://github.com/freilind"
            target="_blank"
          >
            <i
              class="bx bx-md bxl-github"
            />
          </a>
        </div>
      </div>
      <span
        aria-hidden="true"
        class="nextui-c-gNVTSf nextui-c-gNVTSf-hakyQ-inline-false nextui-c-gNVTSf-igvLppd-css"
      />
      <div
        class="nextui-c-fdHeMm nextui-c-fdHeMm-cFpcyF-fluid-true nextui-c-fdHeMm-dwxLNB-responsive-true nextui-c-fdHeMm-iizPHCF-css"
      >
        <p
          class="nextui-c-PJLV nextui-c-PJLV-ikHnvkF-css font-console"
        >
          Estimado (a), ante todo un coordial saludo.
           
          <br />
        </p>
        <p
          class="nextui-c-PJLV nextui-c-PJLV-ikHnvkF-css font-console"
        >
          Mi nombre es Freilin Manzano, nací en Venezuela
           
          <span
            style="box-sizing: border-box; display: inline-block; overflow: hidden; background: none; opacity: 1; border: 0px; margin: 0px; padding: 0px; position: relative; max-width: 100%;"
          >
            <span
              style="box-sizing: border-box; display: block; background: none; opacity: 1; border: 0px; margin: 0px; padding: 0px; max-width: 100%;"
            >
              <img
                alt=""
                aria-hidden="true"
                src="data:image/svg+xml,%3csvg%20xmlns=%27http://www.w3.org/2000/svg%27%20version=%271.1%27%20width=%2730%27%20height=%2730%27/%3e"
                style="display: block; max-width: 100%; background: none; opacity: 1; border: 0px; margin: 0px; padding: 0px;"
              />
            </span>
            <img
              alt="flag-ve"
              class="mt-5"
              data-nimg="intrinsic"
              decoding="async"
              src="data:image/gif;base64,R0lGODlhAQABAIAAAAAAAP///yH5BAEAAAAALAAAAAABAAEAAAIBRAA7"
              style="position: absolute; top: 0px; left: 0px; bottom: 0px; right: 0px; box-sizing: border-box; padding: 0px; margin: auto; display: block; width: 0px; height: 0px; min-width: 100%; max-width: 100%; min-height: 100%; max-height: 100%;"
            />
            <noscript />
          </span>
           y actualmente estoy radicado en Chile
           
          <span
            style="box-sizing: border-box; display: inline-block; overflow: hidden; background: none; opacity: 1; border: 0px; margin: 0px; padding: 0px; position: relative; max-width: 100%;"
          >
            <span
              style="box-sizing: border-box; display: block; background: none; opacity: 1; border: 0px; margin: 0px; padding: 0px; max-width: 100%;"
            >
              <img
                alt=""
                aria-hidden="true"
                src="data:image/svg+xml,%3csvg%20xmlns=%27http://www.w3.org/2000/svg%27%20version=%271.1%27%20width=%2730%27%20height=%2730%27/%3e"
                style="display: block; max-width: 100%; background: none; opacity: 1; border: 0px; margin: 0px; padding: 0px;"
              />
            </span>
            <img
              alt="flag-cl"
              class="mt-5"
              data-nimg="intrinsic"
              decoding="async"
              src="data:image/gif;base64,R0lGODlhAQABAIAAAAAAAP///yH5BAEAAAAALAAAAAABAAEAAAIBRAA7"
              style="position: absolute; top: 0px; left: 0px; bottom: 0px; right: 0px; box-sizing: border-box; padding: 0px; margin: auto; display: block; width: 0px; height: 0px; min-width: 100%; max-width: 100%; min-height: 100%; max-height: 100%;"
            />
            <noscript />
          </span>
          .
           Me dedico al Desarrollo web, con experiencia (+8 años) y certificación Java (Java SE 8 Programmer I 1Z0-808), entusiasta por el área de front-end con React.js, Next.js, TailwindCss, Flutter.
        </p>
      </div>
    </div>
  </div>
</div>
`;
